
============================================================
SCENARIO 02 - DUPLICATE MESSAGE PROCESSING / IDEMPOTENCY
============================================================
Started: 2026-05-10T17:01:41.8183395+08:00
Goal: prove duplicate messages are generated, consumer detects duplicates, and duplicate processing is ignored safely.

============================================================
KUBERNETES POD STATUS BEFORE TEST
============================================================
COMMAND: kubectl get pods -n recon-platform
NAME                                   READY   STATUS    RESTARTS   AGE
ibm-mq-0                               1/1     Running   0          80m
recon-consumer-app-784f77dff8-ktzvg    1/1     Running   0          70m
recon-dashboard-api-7c7dcc4768-4vprs   1/1     Running   0          70m
recon-producer-app-7878df768-p65k4     1/1     Running   0          70m

============================================================
START TEMPORARY PORT FORWARDS
============================================================
Producer: kubectl port-forward -n recon-platform svc/recon-producer-app 18081:8081
Dashboard: kubectl port-forward -n recon-platform svc/recon-dashboard-api 18083:80

============================================================
BASELINE STATUS BEFORE DUPLICATE MODE
============================================================
{
  "failed": 0,
  "total": 12900,
  "reconciled": 11621,
  "invalid": 1279,
  "dlq": 0
}

============================================================
ENABLE DUPLICATE MESSAGE MODE
============================================================
{
  "mode": "DUPLICATE_MESSAGE",
  "availableModes": [
    "NORMAL",
    "DB_DEADLOCK",
    "MQ_OUTAGE",
    "CONSUMER_CRASH",
    "SLOW_DATABASE",
    "DUPLICATE_MESSAGE"
  ]
}

============================================================
CURRENT SIMULATION MODE CONFIRMATION
============================================================
{
  "mode": "DUPLICATE_MESSAGE",
  "availableModes": [
    "NORMAL",
    "DB_DEADLOCK",
    "MQ_OUTAGE",
    "CONSUMER_CRASH",
    "SLOW_DATABASE",
    "DUPLICATE_MESSAGE"
  ]
}

============================================================
WAIT FOR DUPLICATE MESSAGE FLOW
============================================================
Waiting 90 seconds so duplicate correlation IDs are published and consumer idempotency can trigger...

============================================================
RESET SIMULATION TO NORMAL
============================================================
{
  "mode": "NORMAL",
  "availableModes": [
    "NORMAL",
    "DB_DEADLOCK",
    "MQ_OUTAGE",
    "CONSUMER_CRASH",
    "SLOW_DATABASE",
    "DUPLICATE_MESSAGE"
  ]
}

============================================================
STATUS AFTER DUPLICATE MODE
============================================================
{
  "failed": 0,
  "total": 12992,
  "reconciled": 11705,
  "invalid": 1287,
  "dlq": 0
}

============================================================
QUEUE BACKLOG AFTER DUPLICATE MODE
============================================================
{
  "inputQueue": {
    "available": true,
    "depth": 0,
    "name": "RECON.IN"
  },
  "deadLetterQueue": {
    "available": true,
    "depth": 0,
    "name": "SYSTEM.DEAD.LETTER.QUEUE"
  },
  "retryQueue": {
    "available": true,
    "depth": 0,
    "name": "RECON.RETRY"
  },
  "backoutQueue": {
    "available": true,
    "depth": 0,
    "name": "RECON.BACKOUT"
  }
}

============================================================
STOP TEMPORARY PORT FORWARDS
============================================================
Stopped producer port-forward PID 21904
Stopped dashboard port-forward PID 12300

============================================================
PRODUCER LOG PROOF - DUPLICATE MODE PUBLISHED MESSAGES
============================================================
COMMAND: kubectl logs -n recon-platform deploy/recon-producer-app --since=12m | Select-String -Pattern 'transaction_published' | Select-Object -First 40

{"@timestamp":"2026-05-10T08:51:34.05973647Z","@version":"1","message":"event=transaction_published transactionId=txn-75ac2d3d-78a0-42db-9a75-9bbe70e29144 queue=RECON.IN","logger_name":"com.ntt.recon.service.ProducerService","thread_name":"scheduling-1","level":"INFO","level_value":20000,"appName":"recon-producer-app","application":"recon-producer-app"}
{"@timestamp":"2026-05-10T08:51:34.064277225Z","@version":"1","message":"event=transaction_published transactionId=txn-75ac2d3d-78a0-42db-9a75-9bbe70e29144 queue=RECON.IN","logger_name":"com.ntt.recon.service.ProducerService","thread_name":"scheduling-1","level":"INFO","level_value":20000,"appName":"recon-producer-app","application":"recon-producer-app"}
{"@timestamp":"2026-05-10T08:51:34.068188695Z","@version":"1","message":"event=transaction_published transactionId=txn-2a6ef06c-a500-401e-ae74-78d257dfc177 queue=RECON.IN","logger_name":"com.ntt.recon.service.ProducerService","thread_name":"scheduling-1","level":"INFO","level_value":20000,"appName":"recon-producer-app","application":"recon-producer-app"}
{"@timestamp":"2026-05-10T08:51:35.060137104Z","@version":"1","message":"event=transaction_published transactionId=txn-f70f4679-f1ec-4d24-a7fe-cef93af69761 queue=RECON.IN","logger_name":"com.ntt.recon.service.ProducerService","thread_name":"scheduling-1","level":"INFO","level_value":20000,"appName":"recon-producer-app","application":"recon-producer-app"}
{"@timestamp":"2026-05-10T08:51:35.066269125Z","@version":"1","message":"event=transaction_published transactionId=txn-f70f4679-f1ec-4d24-a7fe-cef93af69761 queue=RECON.IN","logger_name":"com.ntt.recon.service.ProducerService","thread_name":"scheduling-1","level":"INFO","level_value":20000,"appName":"recon-producer-app","application":"recon-producer-app"}
{"@timestamp":"2026-05-10T08:51:35.070301613Z","@version":"1","message":"event=transaction_published transactionId=txn-10208f09-1c89-4e99-8f90-09cb6f1a481a queue=RECON.IN","logger_name":"com.ntt.recon.service.ProducerService","thread_name":"scheduling-1","level":"INFO","level_value":20000,"appName":"recon-producer-app","application":"recon-producer-app"}
{"@timestamp":"2026-05-10T08:51:36.061371082Z","@version":"1","message":"event=transaction_published transactionId=txn-f5f5a6c0-7714-4339-b69d-cecd1053fbf1 queue=RECON.IN","logger_name":"com.ntt.recon.service.ProducerService","thread_name":"scheduling-1","level":"INFO","level_value":20000,"appName":"recon-producer-app","application":"recon-producer-app"}
{"@timestamp":"2026-05-10T08:51:36.065095973Z","@version":"1","message":"event=transaction_published transactionId=txn-f5f5a6c0-7714-4339-b69d-cecd1053fbf1 queue=RECON.IN","logger_name":"com.ntt.recon.service.ProducerService","thread_name":"scheduling-1","level":"INFO","level_value":20000,"appName":"recon-producer-app","application":"recon-producer-app"}
{"@timestamp":"2026-05-10T08:51:36.070405528Z","@version":"1","message":"event=transaction_published transactionId=txn-694fdfe9-b360-4d58-ada3-608405785d3a queue=RECON.IN","logger_name":"com.ntt.recon.service.ProducerService","thread_name":"scheduling-1","level":"INFO","level_value":20000,"appName":"recon-producer-app","application":"recon-producer-app"}
{"@timestamp":"2026-05-10T08:51:37.059520575Z","@version":"1","message":"event=transaction_published transactionId=txn-064cce58-bc6f-4948-8fa8-549911017b90 queue=RECON.IN","logger_name":"com.ntt.recon.service.ProducerService","thread_name":"scheduling-1","level":"INFO","level_value":20000,"appName":"recon-producer-app","application":"recon-producer-app"}
{"@timestamp":"2026-05-10T08:51:37.064459801Z","@version":"1","message":"event=transaction_published transactionId=txn-064cce58-bc6f-4948-8fa8-549911017b90 queue=RECON.IN","logger_name":"com.ntt.recon.service.ProducerService","thread_name":"scheduling-1","level":"INFO","level_value":20000,"appName":"recon-producer-app","application":"recon-producer-app"}
{"@timestamp":"2026-05-10T08:51:37.067530374Z","@version":"1","message":"event=transaction_published transactionId=txn-a3533a69-910d-412b-b048-0452ba6d11c5 queue=RECON.IN","logger_name":"com.ntt.recon.service.ProducerService","thread_name":"scheduling-1","level":"INFO","level_value":20000,"appName":"recon-producer-app","application":"recon-producer-app"}
{"@timestamp":"2026-05-10T08:51:38.060366317Z","@version":"1","message":"event=transaction_published transactionId=txn-4e310edd-e1a1-45b7-8ccd-705703aa3bf0 queue=RECON.IN","logger_name":"com.ntt.recon.service.ProducerService","thread_name":"scheduling-1","level":"INFO","level_value":20000,"appName":"recon-producer-app","application":"recon-producer-app"}
{"@timestamp":"2026-05-10T08:51:38.065724421Z","@version":"1","message":"event=transaction_published transactionId=txn-4e310edd-e1a1-45b7-8ccd-705703aa3bf0 queue=RECON.IN","logger_name":"com.ntt.recon.service.ProducerService","thread_name":"scheduling-1","level":"INFO","level_value":20000,"appName":"recon-producer-app","application":"recon-producer-app"}
{"@timestamp":"2026-05-10T08:51:38.06916737Z","@version":"1","message":"event=transaction_published transactionId=txn-aba0fb6e-a358-4be7-918a-ea3db6beef28 queue=RECON.IN","logger_name":"com.ntt.recon.service.ProducerService","thread_name":"scheduling-1","level":"INFO","level_value":20000,"appName":"recon-producer-app","application":"recon-producer-app"}
{"@timestamp":"2026-05-10T08:51:39.061723884Z","@version":"1","message":"event=transaction_published transactionId=txn-ed3992b1-de80-4512-9c24-18cdde90c10a queue=RECON.IN","logger_name":"com.ntt.recon.service.ProducerService","thread_name":"scheduling-1","level":"INFO","level_value":20000,"appName":"recon-producer-app","application":"recon-producer-app"}
{"@timestamp":"2026-05-10T08:51:39.06533782Z","@version":"1","message":"event=transaction_published transactionId=txn-ed3992b1-de80-4512-9c24-18cdde90c10a queue=RECON.IN","logger_name":"com.ntt.recon.service.ProducerService","thread_name":"scheduling-1","level":"INFO","level_value":20000,"appName":"recon-producer-app","application":"recon-producer-app"}
{"@timestamp":"2026-05-10T08:51:39.069792832Z","@version":"1","message":"event=transaction_published transactionId=txn-4b62a6c1-73d3-4aa2-a89f-96feaadd78fe queue=RECON.IN","logger_name":"com.ntt.recon.service.ProducerService","thread_name":"scheduling-1","level":"INFO","level_value":20000,"appName":"recon-producer-app","application":"recon-producer-app"}
{"@timestamp":"2026-05-10T08:51:40.059765005Z","@version":"1","message":"event=transaction_published transactionId=txn-fb9554d7-df97-4807-a230-9acb303f4234 queue=RECON.IN","logger_name":"com.ntt.recon.service.ProducerService","thread_name":"scheduling-1","level":"INFO","level_value":20000,"appName":"recon-producer-app","application":"recon-producer-app"}
{"@timestamp":"2026-05-10T08:51:40.065154429Z","@version":"1","message":"event=transaction_published transactionId=txn-fb9554d7-df97-4807-a230-9acb303f4234 queue=RECON.IN","logger_name":"com.ntt.recon.service.ProducerService","thread_name":"scheduling-1","level":"INFO","level_value":20000,"appName":"recon-producer-app","application":"recon-producer-app"}
{"@timestamp":"2026-05-10T08:51:40.069139043Z","@version":"1","message":"event=transaction_published transactionId=txn-dfc53f2d-853d-4706-bf58-82b976d9aad1 queue=RECON.IN","logger_name":"com.ntt.recon.service.ProducerService","thread_name":"scheduling-1","level":"INFO","level_value":20000,"appName":"recon-producer-app","application":"recon-producer-app"}
{"@timestamp":"2026-05-10T08:51:41.059866085Z","@version":"1","message":"event=transaction_published transactionId=txn-9b8eab90-6fb6-4519-a301-7fc804ad6075 queue=RECON.IN","logger_name":"com.ntt.recon.service.ProducerService","thread_name":"scheduling-1","level":"INFO","level_value":20000,"appName":"recon-producer-app","application":"recon-producer-app"}
{"@timestamp":"2026-05-10T08:51:41.065092417Z","@version":"1","message":"event=transaction_published transactionId=txn-9b8eab90-6fb6-4519-a301-7fc804ad6075 queue=RECON.IN","logger_name":"com.ntt.recon.service.ProducerService","thread_name":"scheduling-1","level":"INFO","level_value":20000,"appName":"recon-producer-app","application":"recon-producer-app"}
{"@timestamp":"2026-05-10T08:51:41.068319375Z","@version":"1","message":"event=transaction_published transactionId=txn-9284f6f2-15e8-46a5-a0c6-ba1b35c5a5bf queue=RECON.IN","logger_name":"com.ntt.recon.service.ProducerService","thread_name":"scheduling-1","level":"INFO","level_value":20000,"appName":"recon-producer-app","application":"recon-producer-app"}
{"@timestamp":"2026-05-10T08:51:42.062059158Z","@version":"1","message":"event=transaction_published transactionId=txn-98f14a9f-2db5-4f65-b917-1f6c7aad757c queue=RECON.IN","logger_name":"com.ntt.recon.service.ProducerService","thread_name":"scheduling-1","level":"INFO","level_value":20000,"appName":"recon-producer-app","application":"recon-producer-app"}
{"@timestamp":"2026-05-10T08:51:42.065827559Z","@version":"1","message":"event=transaction_published transactionId=txn-98f14a9f-2db5-4f65-b917-1f6c7aad757c queue=RECON.IN","logger_name":"com.ntt.recon.service.ProducerService","thread_name":"scheduling-1","level":"INFO","level_value":20000,"appName":"recon-producer-app","application":"recon-producer-app"}
{"@timestamp":"2026-05-10T08:51:42.070561314Z","@version":"1","message":"event=transaction_published transactionId=txn-29ae47c0-4693-4201-885e-1e3df7d17e17 queue=RECON.IN","logger_name":"com.ntt.recon.service.ProducerService","thread_name":"scheduling-1","level":"INFO","level_value":20000,"appName":"recon-producer-app","application":"recon-producer-app"}
{"@timestamp":"2026-05-10T08:51:43.059411563Z","@version":"1","message":"event=transaction_published transactionId=txn-4395f3d7-d33d-4d21-804e-bf683af71741 queue=RECON.IN","logger_name":"com.ntt.recon.service.ProducerService","thread_name":"scheduling-1","level":"INFO","level_value":20000,"appName":"recon-producer-app","application":"recon-producer-app"}
{"@timestamp":"2026-05-10T08:51:43.064410361Z","@version":"1","message":"event=transaction_published transactionId=txn-4395f3d7-d33d-4d21-804e-bf683af71741 queue=RECON.IN","logger_name":"com.ntt.recon.service.ProducerService","thread_name":"scheduling-1","level":"INFO","level_value":20000,"appName":"recon-producer-app","application":"recon-producer-app"}
{"@timestamp":"2026-05-10T08:51:43.068580692Z","@version":"1","message":"event=transaction_published transactionId=txn-a29d758e-a92d-483a-adad-c837adc81975 queue=RECON.IN","logger_name":"com.ntt.recon.service.ProducerService","thread_name":"scheduling-1","level":"INFO","level_value":20000,"appName":"recon-producer-app","application":"recon-producer-app"}
{"@timestamp":"2026-05-10T08:51:44.060506414Z","@version":"1","message":"event=transaction_published transactionId=txn-0ca4f0b7-27e9-4d9b-9ab7-29267317fa2f queue=RECON.IN","logger_name":"com.ntt.recon.service.ProducerService","thread_name":"scheduling-1","level":"INFO","level_value":20000,"appName":"recon-producer-app","application":"recon-producer-app"}
{"@timestamp":"2026-05-10T08:51:44.065647691Z","@version":"1","message":"event=transaction_published transactionId=txn-0ca4f0b7-27e9-4d9b-9ab7-29267317fa2f queue=RECON.IN","logger_name":"com.ntt.recon.service.ProducerService","thread_name":"scheduling-1","level":"INFO","level_value":20000,"appName":"recon-producer-app","application":"recon-producer-app"}
{"@timestamp":"2026-05-10T08:51:44.069031801Z","@version":"1","message":"event=transaction_published transactionId=txn-0f2aa18d-3207-4790-b1fe-122835f2d896 queue=RECON.IN","logger_name":"com.ntt.recon.service.ProducerService","thread_name":"scheduling-1","level":"INFO","level_value":20000,"appName":"recon-producer-app","application":"recon-producer-app"}
{"@timestamp":"2026-05-10T08:51:45.063491846Z","@version":"1","message":"event=transaction_published transactionId=txn-5efae5ef-2143-435e-90c1-239b75a05076 queue=RECON.IN","logger_name":"com.ntt.recon.service.ProducerService","thread_name":"scheduling-1","level":"INFO","level_value":20000,"appName":"recon-producer-app","application":"recon-producer-app"}
{"@timestamp":"2026-05-10T08:51:45.067375047Z","@version":"1","message":"event=transaction_published transactionId=txn-5efae5ef-2143-435e-90c1-239b75a05076 queue=RECON.IN","logger_name":"com.ntt.recon.service.ProducerService","thread_name":"scheduling-1","level":"INFO","level_value":20000,"appName":"recon-producer-app","application":"recon-producer-app"}
{"@timestamp":"2026-05-10T08:51:45.072071279Z","@version":"1","message":"event=transaction_published transactionId=txn-117c4e10-1487-4a12-8b75-6aeec7576e86 queue=RECON.IN","logger_name":"com.ntt.recon.service.ProducerService","thread_name":"scheduling-1","level":"INFO","level_value":20000,"appName":"recon-producer-app","application":"recon-producer-app"}
{"@timestamp":"2026-05-10T08:51:46.06155014Z","@version":"1","message":"event=transaction_published transactionId=txn-0692e641-bf1e-49e8-84c2-d19d136af3ad queue=RECON.IN","logger_name":"com.ntt.recon.service.ProducerService","thread_name":"scheduling-1","level":"INFO","level_value":20000,"appName":"recon-producer-app","application":"recon-producer-app"}
{"@timestamp":"2026-05-10T08:51:46.065476073Z","@version":"1","message":"event=transaction_published transactionId=txn-0692e641-bf1e-49e8-84c2-d19d136af3ad queue=RECON.IN","logger_name":"com.ntt.recon.service.ProducerService","thread_name":"scheduling-1","level":"INFO","level_value":20000,"appName":"recon-producer-app","application":"recon-producer-app"}
{"@timestamp":"2026-05-10T08:51:46.069945002Z","@version":"1","message":"event=transaction_published transactionId=txn-84d95d1e-7d38-4b79-93a2-8e9d7f730e95 queue=RECON.IN","logger_name":"com.ntt.recon.service.ProducerService","thread_name":"scheduling-1","level":"INFO","level_value":20000,"appName":"recon-producer-app","application":"recon-producer-app"}
{"@timestamp":"2026-05-10T08:51:47.059278694Z","@version":"1","message":"event=transaction_published transactionId=txn-1e0d2379-c297-4c51-9dfe-367dad2b15a4 queue=RECON.IN","logger_name":"com.ntt.recon.service.ProducerService","thread_name":"scheduling-1","level":"INFO","level_value":20000,"appName":"recon-producer-app","application":"recon-producer-app"}


============================================================
CONSUMER LOG PROOF - DUPLICATE DETECTED AND IGNORED
============================================================
COMMAND: kubectl logs -n recon-platform deploy/recon-consumer-app --since=12m | Select-String -Pattern 'duplicate_message_ignored|duplicate_race_lost|failed_record_duplicate_race' | Select-Object -First 60

{"@timestamp":"2026-05-10T09:02:06.070880196Z","@version":"1","message":"event=duplicate_message_ignored correlationId=duplicate-correlation-id","logger_name":"com.ntt.recon.service.ReconciliationService","thread_name":"org.springframework.jms.JmsListenerEndpointContainer#1-7","level":"INFO","level_value":20000,"appName":"recon-consumer-app","traceId":"8551539f1d36b5ba88129fd754139d7f","spanId":"576cf57294f29029","correlationId":"duplicate-correlation-id","application":"recon-consumer-app"}
{"@timestamp":"2026-05-10T09:02:06.074491947Z","@version":"1","message":"event=duplicate_message_ignored correlationId=duplicate-correlation-id","logger_name":"com.ntt.recon.service.ReconciliationService","thread_name":"org.springframework.jms.JmsListenerEndpointContainer#1-5","level":"INFO","level_value":20000,"appName":"recon-consumer-app","traceId":"8551539f1d36b5ba88129fd754139d7f","spanId":"576cf57294f29029","correlationId":"duplicate-correlation-id","application":"recon-consumer-app"}
{"@timestamp":"2026-05-10T09:02:07.063567868Z","@version":"1","message":"event=duplicate_message_ignored correlationId=duplicate-correlation-id","logger_name":"com.ntt.recon.service.ReconciliationService","thread_name":"org.springframework.jms.JmsListenerEndpointContainer#1-4","level":"INFO","level_value":20000,"appName":"recon-consumer-app","traceId":"80c25d03d44db6b5c3a05feb7d1a0981","spanId":"bedf5aa35ab837b9","correlationId":"duplicate-correlation-id","application":"recon-consumer-app"}
{"@timestamp":"2026-05-10T09:02:07.066038278Z","@version":"1","message":"event=duplicate_message_ignored correlationId=duplicate-correlation-id","logger_name":"com.ntt.recon.service.ReconciliationService","thread_name":"org.springframework.jms.JmsListenerEndpointContainer#1-3","level":"INFO","level_value":20000,"appName":"recon-consumer-app","traceId":"80c25d03d44db6b5c3a05feb7d1a0981","spanId":"bedf5aa35ab837b9","correlationId":"duplicate-correlation-id","application":"recon-consumer-app"}
{"@timestamp":"2026-05-10T09:02:08.064423207Z","@version":"1","message":"event=duplicate_message_ignored correlationId=duplicate-correlation-id","logger_name":"com.ntt.recon.service.ReconciliationService","thread_name":"org.springframework.jms.JmsListenerEndpointContainer#1-2","level":"INFO","level_value":20000,"appName":"recon-consumer-app","traceId":"56ef8f6fec31424282264815bbe0ffdd","spanId":"1ead3235394d33c8","correlationId":"duplicate-correlation-id","application":"recon-consumer-app"}
{"@timestamp":"2026-05-10T09:02:08.068837662Z","@version":"1","message":"event=duplicate_message_ignored correlationId=duplicate-correlation-id","logger_name":"com.ntt.recon.service.ReconciliationService","thread_name":"org.springframework.jms.JmsListenerEndpointContainer#1-1","level":"INFO","level_value":20000,"appName":"recon-consumer-app","traceId":"56ef8f6fec31424282264815bbe0ffdd","spanId":"1ead3235394d33c8","correlationId":"duplicate-correlation-id","application":"recon-consumer-app"}
{"@timestamp":"2026-05-10T09:02:09.065293748Z","@version":"1","message":"event=duplicate_message_ignored correlationId=duplicate-correlation-id","logger_name":"com.ntt.recon.service.ReconciliationService","thread_name":"org.springframework.jms.JmsListenerEndpointContainer#1-5","level":"INFO","level_value":20000,"appName":"recon-consumer-app","traceId":"add16837e8a9e1b32327591cf4982de8","spanId":"9df8868779acc45c","correlationId":"duplicate-correlation-id","application":"recon-consumer-app"}
{"@timestamp":"2026-05-10T09:02:09.067261424Z","@version":"1","message":"event=duplicate_message_ignored correlationId=duplicate-correlation-id","logger_name":"com.ntt.recon.service.ReconciliationService","thread_name":"org.springframework.jms.JmsListenerEndpointContainer#1-8","level":"INFO","level_value":20000,"appName":"recon-consumer-app","traceId":"add16837e8a9e1b32327591cf4982de8","spanId":"9df8868779acc45c","correlationId":"duplicate-correlation-id","application":"recon-consumer-app"}
{"@timestamp":"2026-05-10T09:02:10.063350034Z","@version":"1","message":"event=duplicate_message_ignored correlationId=duplicate-correlation-id","logger_name":"com.ntt.recon.service.ReconciliationService","thread_name":"org.springframework.jms.JmsListenerEndpointContainer#1-4","level":"INFO","level_value":20000,"appName":"recon-consumer-app","traceId":"d19bcfe36fd5f524f75959659682f2e9","spanId":"2481e8aa8cfd2bb8","correlationId":"duplicate-correlation-id","application":"recon-consumer-app"}
{"@timestamp":"2026-05-10T09:02:10.069685427Z","@version":"1","message":"event=duplicate_message_ignored correlationId=duplicate-correlation-id","logger_name":"com.ntt.recon.service.ReconciliationService","thread_name":"org.springframework.jms.JmsListenerEndpointContainer#1-6","level":"INFO","level_value":20000,"appName":"recon-consumer-app","traceId":"d19bcfe36fd5f524f75959659682f2e9","spanId":"2481e8aa8cfd2bb8","correlationId":"duplicate-correlation-id","application":"recon-consumer-app"}
{"@timestamp":"2026-05-10T09:02:11.065859471Z","@version":"1","message":"event=duplicate_message_ignored correlationId=duplicate-correlation-id","logger_name":"com.ntt.recon.service.ReconciliationService","thread_name":"org.springframework.jms.JmsListenerEndpointContainer#1-2","level":"INFO","level_value":20000,"appName":"recon-consumer-app","traceId":"b44f1e78f8b6f522b7db23815f132a32","spanId":"013421ff6b77a933","correlationId":"duplicate-correlation-id","application":"recon-consumer-app"}
{"@timestamp":"2026-05-10T09:02:11.071530747Z","@version":"1","message":"event=duplicate_message_ignored correlationId=duplicate-correlation-id","logger_name":"com.ntt.recon.service.ReconciliationService","thread_name":"org.springframework.jms.JmsListenerEndpointContainer#1-7","level":"INFO","level_value":20000,"appName":"recon-consumer-app","traceId":"b44f1e78f8b6f522b7db23815f132a32","spanId":"013421ff6b77a933","correlationId":"duplicate-correlation-id","application":"recon-consumer-app"}
{"@timestamp":"2026-05-10T09:02:12.065532933Z","@version":"1","message":"event=duplicate_message_ignored correlationId=duplicate-correlation-id","logger_name":"com.ntt.recon.service.ReconciliationService","thread_name":"org.springframework.jms.JmsListenerEndpointContainer#1-8","level":"INFO","level_value":20000,"appName":"recon-consumer-app","traceId":"9f9a8154a573aad2b307c453066b0035","spanId":"8edaefa91a5f25fc","correlationId":"duplicate-correlation-id","application":"recon-consumer-app"}
{"@timestamp":"2026-05-10T09:02:12.067793866Z","@version":"1","message":"event=duplicate_message_ignored correlationId=duplicate-correlation-id","logger_name":"com.ntt.recon.service.ReconciliationService","thread_name":"org.springframework.jms.JmsListenerEndpointContainer#1-3","level":"INFO","level_value":20000,"appName":"recon-consumer-app","traceId":"9f9a8154a573aad2b307c453066b0035","spanId":"8edaefa91a5f25fc","correlationId":"duplicate-correlation-id","application":"recon-consumer-app"}
{"@timestamp":"2026-05-10T09:02:13.064028434Z","@version":"1","message":"event=duplicate_message_ignored correlationId=duplicate-correlation-id","logger_name":"com.ntt.recon.service.ReconciliationService","thread_name":"org.springframework.jms.JmsListenerEndpointContainer#1-6","level":"INFO","level_value":20000,"appName":"recon-consumer-app","traceId":"12cbad11456c2bcf5b163a251926943f","spanId":"720bc3169c9571e5","correlationId":"duplicate-correlation-id","application":"recon-consumer-app"}
{"@timestamp":"2026-05-10T09:02:13.068301956Z","@version":"1","message":"event=duplicate_message_ignored correlationId=duplicate-correlation-id","logger_name":"com.ntt.recon.service.ReconciliationService","thread_name":"org.springframework.jms.JmsListenerEndpointContainer#1-1","level":"INFO","level_value":20000,"appName":"recon-consumer-app","traceId":"12cbad11456c2bcf5b163a251926943f","spanId":"720bc3169c9571e5","correlationId":"duplicate-correlation-id","application":"recon-consumer-app"}
{"@timestamp":"2026-05-10T09:02:14.06432984Z","@version":"1","message":"event=duplicate_message_ignored correlationId=duplicate-correlation-id","logger_name":"com.ntt.recon.service.ReconciliationService","thread_name":"org.springframework.jms.JmsListenerEndpointContainer#1-7","level":"INFO","level_value":20000,"appName":"recon-consumer-app","traceId":"0ef466bf350c4afca122977e54085723","spanId":"4e73009e797b45db","correlationId":"duplicate-correlation-id","application":"recon-consumer-app"}
{"@timestamp":"2026-05-10T09:02:14.068254975Z","@version":"1","message":"event=duplicate_message_ignored correlationId=duplicate-correlation-id","logger_name":"com.ntt.recon.service.ReconciliationService","thread_name":"org.springframework.jms.JmsListenerEndpointContainer#1-5","level":"INFO","level_value":20000,"appName":"recon-consumer-app","traceId":"0ef466bf350c4afca122977e54085723","spanId":"4e73009e797b45db","correlationId":"duplicate-correlation-id","application":"recon-consumer-app"}
{"@timestamp":"2026-05-10T09:02:15.069851883Z","@version":"1","message":"event=duplicate_message_ignored correlationId=duplicate-correlation-id","logger_name":"com.ntt.recon.service.ReconciliationService","thread_name":"org.springframework.jms.JmsListenerEndpointContainer#1-3","level":"INFO","level_value":20000,"appName":"recon-consumer-app","traceId":"7c9176c88d8e8db2adbad0801c91568e","spanId":"7d9cfe95dfee917a","correlationId":"duplicate-correlation-id","application":"recon-consumer-app"}
{"@timestamp":"2026-05-10T09:02:15.070885449Z","@version":"1","message":"event=duplicate_message_ignored correlationId=duplicate-correlation-id","logger_name":"com.ntt.recon.service.ReconciliationService","thread_name":"org.springframework.jms.JmsListenerEndpointContainer#1-4","level":"INFO","level_value":20000,"appName":"recon-consumer-app","traceId":"7c9176c88d8e8db2adbad0801c91568e","spanId":"7d9cfe95dfee917a","correlationId":"duplicate-correlation-id","application":"recon-consumer-app"}
{"@timestamp":"2026-05-10T09:02:16.06629992Z","@version":"1","message":"event=duplicate_message_ignored correlationId=duplicate-correlation-id","logger_name":"com.ntt.recon.service.ReconciliationService","thread_name":"org.springframework.jms.JmsListenerEndpointContainer#1-1","level":"INFO","level_value":20000,"appName":"recon-consumer-app","traceId":"2579538bd607bae6bc73712bd824483e","spanId":"bbb320d2e044def2","correlationId":"duplicate-correlation-id","application":"recon-consumer-app"}
{"@timestamp":"2026-05-10T09:02:16.07480849Z","@version":"1","message":"event=duplicate_message_ignored correlationId=duplicate-correlation-id","logger_name":"com.ntt.recon.service.ReconciliationService","thread_name":"org.springframework.jms.JmsListenerEndpointContainer#1-2","level":"INFO","level_value":20000,"appName":"recon-consumer-app","traceId":"2579538bd607bae6bc73712bd824483e","spanId":"bbb320d2e044def2","correlationId":"duplicate-correlation-id","application":"recon-consumer-app"}
{"@timestamp":"2026-05-10T09:02:17.06338771Z","@version":"1","message":"event=duplicate_message_ignored correlationId=duplicate-correlation-id","logger_name":"com.ntt.recon.service.ReconciliationService","thread_name":"org.springframework.jms.JmsListenerEndpointContainer#1-5","level":"INFO","level_value":20000,"appName":"recon-consumer-app","traceId":"f4fc0175db6173785f3d99ffa296bf4e","spanId":"390d25d0e575f4e7","correlationId":"duplicate-correlation-id","application":"recon-consumer-app"}
{"@timestamp":"2026-05-10T09:02:17.068256772Z","@version":"1","message":"event=duplicate_message_ignored correlationId=duplicate-correlation-id","logger_name":"com.ntt.recon.service.ReconciliationService","thread_name":"org.springframework.jms.JmsListenerEndpointContainer#1-8","level":"INFO","level_value":20000,"appName":"recon-consumer-app","traceId":"f4fc0175db6173785f3d99ffa296bf4e","spanId":"390d25d0e575f4e7","correlationId":"duplicate-correlation-id","application":"recon-consumer-app"}
{"@timestamp":"2026-05-10T09:02:18.066775504Z","@version":"1","message":"event=duplicate_message_ignored correlationId=duplicate-correlation-id","logger_name":"com.ntt.recon.service.ReconciliationService","thread_name":"org.springframework.jms.JmsListenerEndpointContainer#1-4","level":"INFO","level_value":20000,"appName":"recon-consumer-app","traceId":"d2d3598007262a4043f4305c22c2f0e8","spanId":"0afbe74e2bd6c71f","correlationId":"duplicate-correlation-id","application":"recon-consumer-app"}
{"@timestamp":"2026-05-10T09:02:18.06831386Z","@version":"1","message":"event=duplicate_message_ignored correlationId=duplicate-correlation-id","logger_name":"com.ntt.recon.service.ReconciliationService","thread_name":"org.springframework.jms.JmsListenerEndpointContainer#1-6","level":"INFO","level_value":20000,"appName":"recon-consumer-app","traceId":"d2d3598007262a4043f4305c22c2f0e8","spanId":"0afbe74e2bd6c71f","correlationId":"duplicate-correlation-id","application":"recon-consumer-app"}
{"@timestamp":"2026-05-10T09:02:19.066179166Z","@version":"1","message":"event=duplicate_message_ignored correlationId=duplicate-correlation-id","logger_name":"com.ntt.recon.service.ReconciliationService","thread_name":"org.springframework.jms.JmsListenerEndpointContainer#1-2","level":"INFO","level_value":20000,"appName":"recon-consumer-app","traceId":"65fd47c7748915eb5a462e0ef26d4cdb","spanId":"d70556aa4608dc5d","correlationId":"duplicate-correlation-id","application":"recon-consumer-app"}
{"@timestamp":"2026-05-10T09:02:19.070247119Z","@version":"1","message":"event=duplicate_message_ignored correlationId=duplicate-correlation-id","logger_name":"com.ntt.recon.service.ReconciliationService","thread_name":"org.springframework.jms.JmsListenerEndpointContainer#1-7","level":"INFO","level_value":20000,"appName":"recon-consumer-app","traceId":"65fd47c7748915eb5a462e0ef26d4cdb","spanId":"d70556aa4608dc5d","correlationId":"duplicate-correlation-id","application":"recon-consumer-app"}
{"@timestamp":"2026-05-10T09:02:20.064584923Z","@version":"1","message":"event=duplicate_message_ignored correlationId=duplicate-correlation-id","logger_name":"com.ntt.recon.service.ReconciliationService","thread_name":"org.springframework.jms.JmsListenerEndpointContainer#1-5","level":"INFO","level_value":20000,"appName":"recon-consumer-app","traceId":"fa80d8db343465c69ee134afcfe02a8a","spanId":"538bf915c5ddbca5","correlationId":"duplicate-correlation-id","application":"recon-consumer-app"}
{"@timestamp":"2026-05-10T09:02:20.068916443Z","@version":"1","message":"event=duplicate_message_ignored correlationId=duplicate-correlation-id","logger_name":"com.ntt.recon.service.ReconciliationService","thread_name":"org.springframework.jms.JmsListenerEndpointContainer#1-3","level":"INFO","level_value":20000,"appName":"recon-consumer-app","traceId":"fa80d8db343465c69ee134afcfe02a8a","spanId":"538bf915c5ddbca5","correlationId":"duplicate-correlation-id","application":"recon-consumer-app"}
{"@timestamp":"2026-05-10T09:02:21.067501958Z","@version":"1","message":"event=duplicate_message_ignored correlationId=duplicate-correlation-id","logger_name":"com.ntt.recon.service.ReconciliationService","thread_name":"org.springframework.jms.JmsListenerEndpointContainer#1-6","level":"INFO","level_value":20000,"appName":"recon-consumer-app","traceId":"364b6f375389ed2c15e05d9eb5f0f99e","spanId":"c9e2269d1cde5357","correlationId":"duplicate-correlation-id","application":"recon-consumer-app"}
{"@timestamp":"2026-05-10T09:02:21.07357995Z","@version":"1","message":"event=duplicate_message_ignored correlationId=duplicate-correlation-id","logger_name":"com.ntt.recon.service.ReconciliationService","thread_name":"org.springframework.jms.JmsListenerEndpointContainer#1-1","level":"INFO","level_value":20000,"appName":"recon-consumer-app","traceId":"364b6f375389ed2c15e05d9eb5f0f99e","spanId":"c9e2269d1cde5357","correlationId":"duplicate-correlation-id","application":"recon-consumer-app"}
{"@timestamp":"2026-05-10T09:02:22.066451277Z","@version":"1","message":"event=duplicate_message_ignored correlationId=duplicate-correlation-id","logger_name":"com.ntt.recon.service.ReconciliationService","thread_name":"org.springframework.jms.JmsListenerEndpointContainer#1-7","level":"INFO","level_value":20000,"appName":"recon-consumer-app","traceId":"632680f5a82ba952cbd0063f9bbf49ed","spanId":"469e8bc534109549","correlationId":"duplicate-correlation-id","application":"recon-consumer-app"}
{"@timestamp":"2026-05-10T09:02:22.069937078Z","@version":"1","message":"event=duplicate_message_ignored correlationId=duplicate-correlation-id","logger_name":"com.ntt.recon.service.ReconciliationService","thread_name":"org.springframework.jms.JmsListenerEndpointContainer#1-8","level":"INFO","level_value":20000,"appName":"recon-consumer-app","traceId":"632680f5a82ba952cbd0063f9bbf49ed","spanId":"469e8bc534109549","correlationId":"duplicate-correlation-id","application":"recon-consumer-app"}
{"@timestamp":"2026-05-10T09:02:23.066366242Z","@version":"1","message":"event=duplicate_message_ignored correlationId=duplicate-correlation-id","logger_name":"com.ntt.recon.service.ReconciliationService","thread_name":"org.springframework.jms.JmsListenerEndpointContainer#1-3","level":"INFO","level_value":20000,"appName":"recon-consumer-app","traceId":"2e1ba0eb682f959e21d1156ac0a28410","spanId":"412cd9e5e093a15f","correlationId":"duplicate-correlation-id","application":"recon-consumer-app"}
{"@timestamp":"2026-05-10T09:02:23.070981991Z","@version":"1","message":"event=duplicate_message_ignored correlationId=duplicate-correlation-id","logger_name":"com.ntt.recon.service.ReconciliationService","thread_name":"org.springframework.jms.JmsListenerEndpointContainer#1-4","level":"INFO","level_value":20000,"appName":"recon-consumer-app","traceId":"2e1ba0eb682f959e21d1156ac0a28410","spanId":"412cd9e5e093a15f","correlationId":"duplicate-correlation-id","application":"recon-consumer-app"}
{"@timestamp":"2026-05-10T09:02:24.064272618Z","@version":"1","message":"event=duplicate_message_ignored correlationId=duplicate-correlation-id","logger_name":"com.ntt.recon.service.ReconciliationService","thread_name":"org.springframework.jms.JmsListenerEndpointContainer#1-1","level":"INFO","level_value":20000,"appName":"recon-consumer-app","traceId":"a465f1b2a86d062f403635a7160b7181","spanId":"fa803d1b9fd5e7a2","correlationId":"duplicate-correlation-id","application":"recon-consumer-app"}
{"@timestamp":"2026-05-10T09:02:24.068225603Z","@version":"1","message":"event=duplicate_message_ignored correlationId=duplicate-correlation-id","logger_name":"com.ntt.recon.service.ReconciliationService","thread_name":"org.springframework.jms.JmsListenerEndpointContainer#1-2","level":"INFO","level_value":20000,"appName":"recon-consumer-app","traceId":"a465f1b2a86d062f403635a7160b7181","spanId":"fa803d1b9fd5e7a2","correlationId":"duplicate-correlation-id","application":"recon-consumer-app"}
{"@timestamp":"2026-05-10T09:02:25.065544191Z","@version":"1","message":"event=duplicate_message_ignored correlationId=duplicate-correlation-id","logger_name":"com.ntt.recon.service.ReconciliationService","thread_name":"org.springframework.jms.JmsListenerEndpointContainer#1-8","level":"INFO","level_value":20000,"appName":"recon-consumer-app","traceId":"8e1f418a03ac1e532217a3fc62e0ee8b","spanId":"9ac130d03295e627","correlationId":"duplicate-correlation-id","application":"recon-consumer-app"}
{"@timestamp":"2026-05-10T09:02:25.068512532Z","@version":"1","message":"event=duplicate_message_ignored correlationId=duplicate-correlation-id","logger_name":"com.ntt.recon.service.ReconciliationService","thread_name":"org.springframework.jms.JmsListenerEndpointContainer#1-5","level":"INFO","level_value":20000,"appName":"recon-consumer-app","traceId":"8e1f418a03ac1e532217a3fc62e0ee8b","spanId":"9ac130d03295e627","correlationId":"duplicate-correlation-id","application":"recon-consumer-app"}
{"@timestamp":"2026-05-10T09:02:26.064593639Z","@version":"1","message":"event=duplicate_message_ignored correlationId=duplicate-correlation-id","logger_name":"com.ntt.recon.service.ReconciliationService","thread_name":"org.springframework.jms.JmsListenerEndpointContainer#1-4","level":"INFO","level_value":20000,"appName":"recon-consumer-app","traceId":"2533e0f2fab4c5964b631d698f658e32","spanId":"4c9aa2095577529d","correlationId":"duplicate-correlation-id","application":"recon-consumer-app"}
{"@timestamp":"2026-05-10T09:02:26.069002822Z","@version":"1","message":"event=duplicate_message_ignored correlationId=duplicate-correlation-id","logger_name":"com.ntt.recon.service.ReconciliationService","thread_name":"org.springframework.jms.JmsListenerEndpointContainer#1-6","level":"INFO","level_value":20000,"appName":"recon-consumer-app","traceId":"2533e0f2fab4c5964b631d698f658e32","spanId":"4c9aa2095577529d","correlationId":"duplicate-correlation-id","application":"recon-consumer-app"}
{"@timestamp":"2026-05-10T09:02:27.064539511Z","@version":"1","message":"event=duplicate_message_ignored correlationId=duplicate-correlation-id","logger_name":"com.ntt.recon.service.ReconciliationService","thread_name":"org.springframework.jms.JmsListenerEndpointContainer#1-2","level":"INFO","level_value":20000,"appName":"recon-consumer-app","traceId":"40b9ccd2a1d5f910b911d1852a2708d2","spanId":"33cb924062446e01","correlationId":"duplicate-correlation-id","application":"recon-consumer-app"}
{"@timestamp":"2026-05-10T09:02:27.067107392Z","@version":"1","message":"event=duplicate_message_ignored correlationId=duplicate-correlation-id","logger_name":"com.ntt.recon.service.ReconciliationService","thread_name":"org.springframework.jms.JmsListenerEndpointContainer#1-7","level":"INFO","level_value":20000,"appName":"recon-consumer-app","traceId":"40b9ccd2a1d5f910b911d1852a2708d2","spanId":"33cb924062446e01","correlationId":"duplicate-correlation-id","application":"recon-consumer-app"}
{"@timestamp":"2026-05-10T09:02:28.066803537Z","@version":"1","message":"event=duplicate_message_ignored correlationId=duplicate-correlation-id","logger_name":"com.ntt.recon.service.ReconciliationService","thread_name":"org.springframework.jms.JmsListenerEndpointContainer#1-5","level":"INFO","level_value":20000,"appName":"recon-consumer-app","traceId":"14ab9a466e956c93ad70e80c27804e30","spanId":"2c7637c6444202cc","correlationId":"duplicate-correlation-id","application":"recon-consumer-app"}
{"@timestamp":"2026-05-10T09:02:28.068903887Z","@version":"1","message":"event=duplicate_message_ignored correlationId=duplicate-correlation-id","logger_name":"com.ntt.recon.service.ReconciliationService","thread_name":"org.springframework.jms.JmsListenerEndpointContainer#1-3","level":"INFO","level_value":20000,"appName":"recon-consumer-app","traceId":"14ab9a466e956c93ad70e80c27804e30","spanId":"2c7637c6444202cc","correlationId":"duplicate-correlation-id","application":"recon-consumer-app"}
{"@timestamp":"2026-05-10T09:02:29.063163072Z","@version":"1","message":"event=duplicate_message_ignored correlationId=duplicate-correlation-id","logger_name":"com.ntt.recon.service.ReconciliationService","thread_name":"org.springframework.jms.JmsListenerEndpointContainer#1-6","level":"INFO","level_value":20000,"appName":"recon-consumer-app","traceId":"deb672c562709c5d1d40e66260ca3a0f","spanId":"8079ea88a868b866","correlationId":"duplicate-correlation-id","application":"recon-consumer-app"}
{"@timestamp":"2026-05-10T09:02:29.067990959Z","@version":"1","message":"event=duplicate_message_ignored correlationId=duplicate-correlation-id","logger_name":"com.ntt.recon.service.ReconciliationService","thread_name":"org.springframework.jms.JmsListenerEndpointContainer#1-1","level":"INFO","level_value":20000,"appName":"recon-consumer-app","traceId":"deb672c562709c5d1d40e66260ca3a0f","spanId":"8079ea88a868b866","correlationId":"duplicate-correlation-id","application":"recon-consumer-app"}
{"@timestamp":"2026-05-10T09:02:30.065960864Z","@version":"1","message":"event=duplicate_message_ignored correlationId=duplicate-correlation-id","logger_name":"com.ntt.recon.service.ReconciliationService","thread_name":"org.springframework.jms.JmsListenerEndpointContainer#1-7","level":"INFO","level_value":20000,"appName":"recon-consumer-app","traceId":"6dd3782cd2d3f80e94220b0cfefbd8b7","spanId":"df73cdd56791a717","correlationId":"duplicate-correlation-id","application":"recon-consumer-app"}
{"@timestamp":"2026-05-10T09:02:30.072388358Z","@version":"1","message":"event=duplicate_message_ignored correlationId=duplicate-correlation-id","logger_name":"com.ntt.recon.service.ReconciliationService","thread_name":"org.springframework.jms.JmsListenerEndpointContainer#1-8","level":"INFO","level_value":20000,"appName":"recon-consumer-app","traceId":"6dd3782cd2d3f80e94220b0cfefbd8b7","spanId":"df73cdd56791a717","correlationId":"duplicate-correlation-id","application":"recon-consumer-app"}
{"@timestamp":"2026-05-10T09:02:31.069363261Z","@version":"1","message":"event=duplicate_message_ignored correlationId=duplicate-correlation-id","logger_name":"com.ntt.recon.service.ReconciliationService","thread_name":"org.springframework.jms.JmsListenerEndpointContainer#1-3","level":"INFO","level_value":20000,"appName":"recon-consumer-app","traceId":"6143cea8688200acbad9273f80bfed6e","spanId":"026b7d72abb2f418","correlationId":"duplicate-correlation-id","application":"recon-consumer-app"}
{"@timestamp":"2026-05-10T09:02:31.074409871Z","@version":"1","message":"event=duplicate_message_ignored correlationId=duplicate-correlation-id","logger_name":"com.ntt.recon.service.ReconciliationService","thread_name":"org.springframework.jms.JmsListenerEndpointContainer#1-4","level":"INFO","level_value":20000,"appName":"recon-consumer-app","traceId":"6143cea8688200acbad9273f80bfed6e","spanId":"026b7d72abb2f418","correlationId":"duplicate-correlation-id","application":"recon-consumer-app"}
{"@timestamp":"2026-05-10T09:02:32.064058631Z","@version":"1","message":"event=duplicate_message_ignored correlationId=duplicate-correlation-id","logger_name":"com.ntt.recon.service.ReconciliationService","thread_name":"org.springframework.jms.JmsListenerEndpointContainer#1-1","level":"INFO","level_value":20000,"appName":"recon-consumer-app","traceId":"4fdfbda061a404865d82b0502e733396","spanId":"27a7afd6fe00a489","correlationId":"duplicate-correlation-id","application":"recon-consumer-app"}
{"@timestamp":"2026-05-10T09:02:32.068620091Z","@version":"1","message":"event=duplicate_message_ignored correlationId=duplicate-correlation-id","logger_name":"com.ntt.recon.service.ReconciliationService","thread_name":"org.springframework.jms.JmsListenerEndpointContainer#1-2","level":"INFO","level_value":20000,"appName":"recon-consumer-app","traceId":"4fdfbda061a404865d82b0502e733396","spanId":"27a7afd6fe00a489","correlationId":"duplicate-correlation-id","application":"recon-consumer-app"}
{"@timestamp":"2026-05-10T09:02:33.064117049Z","@version":"1","message":"event=duplicate_message_ignored correlationId=duplicate-correlation-id","logger_name":"com.ntt.recon.service.ReconciliationService","thread_name":"org.springframework.jms.JmsListenerEndpointContainer#1-8","level":"INFO","level_value":20000,"appName":"recon-consumer-app","traceId":"2f9159ebe1d13ed334aed382a2a91829","spanId":"0dccc658791a2e0b","correlationId":"duplicate-correlation-id","application":"recon-consumer-app"}
{"@timestamp":"2026-05-10T09:02:33.067461027Z","@version":"1","message":"event=duplicate_message_ignored correlationId=duplicate-correlation-id","logger_name":"com.ntt.recon.service.ReconciliationService","thread_name":"org.springframework.jms.JmsListenerEndpointContainer#1-5","level":"INFO","level_value":20000,"appName":"recon-consumer-app","traceId":"2f9159ebe1d13ed334aed382a2a91829","spanId":"0dccc658791a2e0b","correlationId":"duplicate-correlation-id","application":"recon-consumer-app"}
{"@timestamp":"2026-05-10T09:02:34.066131317Z","@version":"1","message":"event=duplicate_message_ignored correlationId=duplicate-correlation-id","logger_name":"com.ntt.recon.service.ReconciliationService","thread_name":"org.springframework.jms.JmsListenerEndpointContainer#1-4","level":"INFO","level_value":20000,"appName":"recon-consumer-app","traceId":"6b4b3f834a9d3e6bd1e47cac689381fd","spanId":"5ccea9e067ed696d","correlationId":"duplicate-correlation-id","application":"recon-consumer-app"}
{"@timestamp":"2026-05-10T09:02:34.068615328Z","@version":"1","message":"event=duplicate_message_ignored correlationId=duplicate-correlation-id","logger_name":"com.ntt.recon.service.ReconciliationService","thread_name":"org.springframework.jms.JmsListenerEndpointContainer#1-6","level":"INFO","level_value":20000,"appName":"recon-consumer-app","traceId":"6b4b3f834a9d3e6bd1e47cac689381fd","spanId":"5ccea9e067ed696d","correlationId":"duplicate-correlation-id","application":"recon-consumer-app"}
{"@timestamp":"2026-05-10T09:02:35.06387957Z","@version":"1","message":"event=duplicate_message_ignored correlationId=duplicate-correlation-id","logger_name":"com.ntt.recon.service.ReconciliationService","thread_name":"org.springframework.jms.JmsListenerEndpointContainer#1-1","level":"INFO","level_value":20000,"appName":"recon-consumer-app","traceId":"1e19590122f7276ede2ed062daa82e7e","spanId":"92ffb4b5cfde64ad","correlationId":"duplicate-correlation-id","application":"recon-consumer-app"}
{"@timestamp":"2026-05-10T09:02:35.070757622Z","@version":"1","message":"event=duplicate_message_ignored correlationId=duplicate-correlation-id","logger_name":"com.ntt.recon.service.ReconciliationService","thread_name":"org.springframework.jms.JmsListenerEndpointContainer#1-7","level":"INFO","level_value":20000,"appName":"recon-consumer-app","traceId":"1e19590122f7276ede2ed062daa82e7e","spanId":"92ffb4b5cfde64ad","correlationId":"duplicate-correlation-id","application":"recon-consumer-app"}


============================================================
CONSUMER LOG PROOF - NORMAL CONSUMPTION CONTINUED
============================================================
COMMAND: kubectl logs -n recon-platform deploy/recon-consumer-app --since=12m | Select-String -Pattern 'transaction_consumed' | Select-Object -First 20

{"@timestamp":"2026-05-10T09:02:06.065329856Z","@version":"1","message":"event=transaction_consumed transactionId=txn-260d2198-2243-41a3-9ae5-a9e8d9e5d345","logger_name":"com.ntt.recon.service.ConsumerListener","thread_name":"org.springframework.jms.JmsListenerEndpointContainer#1-7","level":"INFO","level_value":20000,"appName":"recon-consumer-app","traceId":"8551539f1d36b5ba88129fd754139d7f","spanId":"576cf57294f29029","correlationId":"duplicate-correlation-id","application":"recon-consumer-app"}
{"@timestamp":"2026-05-10T09:02:06.070695786Z","@version":"1","message":"event=transaction_consumed transactionId=txn-260d2198-2243-41a3-9ae5-a9e8d9e5d345","logger_name":"com.ntt.recon.service.ConsumerListener","thread_name":"org.springframework.jms.JmsListenerEndpointContainer#1-5","level":"INFO","level_value":20000,"appName":"recon-consumer-app","traceId":"8551539f1d36b5ba88129fd754139d7f","spanId":"576cf57294f29029","correlationId":"duplicate-correlation-id","application":"recon-consumer-app"}
{"@timestamp":"2026-05-10T09:02:06.074828742Z","@version":"1","message":"event=transaction_consumed transactionId=txn-bffbde5f-dafc-415d-8ee9-bd7ed2c8bdd8","logger_name":"com.ntt.recon.service.ConsumerListener","thread_name":"org.springframework.jms.JmsListenerEndpointContainer#1-8","level":"INFO","level_value":20000,"appName":"recon-consumer-app","traceId":"8551539f1d36b5ba88129fd754139d7f","spanId":"576cf57294f29029","correlationId":"690623e0-cbea-495d-9f2f-aa7abfcc0ae2","application":"recon-consumer-app"}
{"@timestamp":"2026-05-10T09:02:07.060133086Z","@version":"1","message":"event=transaction_consumed transactionId=txn-42a3216e-1d16-4f11-a271-3620e74f97d7","logger_name":"com.ntt.recon.service.ConsumerListener","thread_name":"org.springframework.jms.JmsListenerEndpointContainer#1-4","level":"INFO","level_value":20000,"appName":"recon-consumer-app","traceId":"80c25d03d44db6b5c3a05feb7d1a0981","spanId":"bedf5aa35ab837b9","correlationId":"duplicate-correlation-id","application":"recon-consumer-app"}
{"@timestamp":"2026-05-10T09:02:07.064083734Z","@version":"1","message":"event=transaction_consumed transactionId=txn-42a3216e-1d16-4f11-a271-3620e74f97d7","logger_name":"com.ntt.recon.service.ConsumerListener","thread_name":"org.springframework.jms.JmsListenerEndpointContainer#1-3","level":"INFO","level_value":20000,"appName":"recon-consumer-app","traceId":"80c25d03d44db6b5c3a05feb7d1a0981","spanId":"bedf5aa35ab837b9","correlationId":"duplicate-correlation-id","application":"recon-consumer-app"}
{"@timestamp":"2026-05-10T09:02:07.067390609Z","@version":"1","message":"event=transaction_consumed transactionId=txn-b7c4d55d-4e79-4b85-8ffe-a25e7d0c26a9","logger_name":"com.ntt.recon.service.ConsumerListener","thread_name":"org.springframework.jms.JmsListenerEndpointContainer#1-6","level":"INFO","level_value":20000,"appName":"recon-consumer-app","traceId":"80c25d03d44db6b5c3a05feb7d1a0981","spanId":"bedf5aa35ab837b9","correlationId":"7c8ba60d-5950-43c8-b6c6-d3f0382f116c","application":"recon-consumer-app"}
{"@timestamp":"2026-05-10T09:02:08.061012268Z","@version":"1","message":"event=transaction_consumed transactionId=txn-c906f359-bf82-43e3-9603-34f6e49a5e26","logger_name":"com.ntt.recon.service.ConsumerListener","thread_name":"org.springframework.jms.JmsListenerEndpointContainer#1-2","level":"INFO","level_value":20000,"appName":"recon-consumer-app","traceId":"56ef8f6fec31424282264815bbe0ffdd","spanId":"1ead3235394d33c8","correlationId":"duplicate-correlation-id","application":"recon-consumer-app"}
{"@timestamp":"2026-05-10T09:02:08.065403626Z","@version":"1","message":"event=transaction_consumed transactionId=txn-c906f359-bf82-43e3-9603-34f6e49a5e26","logger_name":"com.ntt.recon.service.ConsumerListener","thread_name":"org.springframework.jms.JmsListenerEndpointContainer#1-1","level":"INFO","level_value":20000,"appName":"recon-consumer-app","traceId":"56ef8f6fec31424282264815bbe0ffdd","spanId":"1ead3235394d33c8","correlationId":"duplicate-correlation-id","application":"recon-consumer-app"}
{"@timestamp":"2026-05-10T09:02:08.069014799Z","@version":"1","message":"event=transaction_consumed transactionId=txn-61d78298-ffc9-4928-89e8-2e08b57a66fb","logger_name":"com.ntt.recon.service.ConsumerListener","thread_name":"org.springframework.jms.JmsListenerEndpointContainer#1-7","level":"INFO","level_value":20000,"appName":"recon-consumer-app","traceId":"56ef8f6fec31424282264815bbe0ffdd","spanId":"1ead3235394d33c8","correlationId":"f00cf751-4052-40fc-8ab8-4eb83737b1ac","application":"recon-consumer-app"}
{"@timestamp":"2026-05-10T09:02:09.061862589Z","@version":"1","message":"event=transaction_consumed transactionId=txn-a3421d2b-b3a8-488c-9c30-25a00e0a7ccf","logger_name":"com.ntt.recon.service.ConsumerListener","thread_name":"org.springframework.jms.JmsListenerEndpointContainer#1-5","level":"INFO","level_value":20000,"appName":"recon-consumer-app","traceId":"add16837e8a9e1b32327591cf4982de8","spanId":"9df8868779acc45c","correlationId":"duplicate-correlation-id","application":"recon-consumer-app"}
{"@timestamp":"2026-05-10T09:02:09.065483351Z","@version":"1","message":"event=transaction_consumed transactionId=txn-a3421d2b-b3a8-488c-9c30-25a00e0a7ccf","logger_name":"com.ntt.recon.service.ConsumerListener","thread_name":"org.springframework.jms.JmsListenerEndpointContainer#1-8","level":"INFO","level_value":20000,"appName":"recon-consumer-app","traceId":"add16837e8a9e1b32327591cf4982de8","spanId":"9df8868779acc45c","correlationId":"duplicate-correlation-id","application":"recon-consumer-app"}
{"@timestamp":"2026-05-10T09:02:09.070657278Z","@version":"1","message":"event=transaction_consumed transactionId=txn-9e03395c-72d1-48e3-a4cf-3c88bf41a24a","logger_name":"com.ntt.recon.service.ConsumerListener","thread_name":"org.springframework.jms.JmsListenerEndpointContainer#1-3","level":"INFO","level_value":20000,"appName":"recon-consumer-app","traceId":"add16837e8a9e1b32327591cf4982de8","spanId":"9df8868779acc45c","correlationId":"59c94c16-9e95-4345-a4d8-bcc98238c4d1","application":"recon-consumer-app"}
{"@timestamp":"2026-05-10T09:02:10.059948479Z","@version":"1","message":"event=transaction_consumed transactionId=txn-024a0b3b-f4fe-4933-9a81-01dbe646bf23","logger_name":"com.ntt.recon.service.ConsumerListener","thread_name":"org.springframework.jms.JmsListenerEndpointContainer#1-4","level":"INFO","level_value":20000,"appName":"recon-consumer-app","traceId":"d19bcfe36fd5f524f75959659682f2e9","spanId":"2481e8aa8cfd2bb8","correlationId":"duplicate-correlation-id","application":"recon-consumer-app"}
{"@timestamp":"2026-05-10T09:02:10.066218256Z","@version":"1","message":"event=transaction_consumed transactionId=txn-024a0b3b-f4fe-4933-9a81-01dbe646bf23","logger_name":"com.ntt.recon.service.ConsumerListener","thread_name":"org.springframework.jms.JmsListenerEndpointContainer#1-6","level":"INFO","level_value":20000,"appName":"recon-consumer-app","traceId":"d19bcfe36fd5f524f75959659682f2e9","spanId":"2481e8aa8cfd2bb8","correlationId":"duplicate-correlation-id","application":"recon-consumer-app"}
{"@timestamp":"2026-05-10T09:02:10.070039635Z","@version":"1","message":"event=transaction_consumed transactionId=txn-087aad0f-441b-4933-9797-59f4bd1c4e80","logger_name":"com.ntt.recon.service.ConsumerListener","thread_name":"org.springframework.jms.JmsListenerEndpointContainer#1-1","level":"INFO","level_value":20000,"appName":"recon-consumer-app","traceId":"d19bcfe36fd5f524f75959659682f2e9","spanId":"2481e8aa8cfd2bb8","correlationId":"3f46d88f-d80d-447f-9bf7-e559e66a6353","application":"recon-consumer-app"}
{"@timestamp":"2026-05-10T09:02:11.062529937Z","@version":"1","message":"event=transaction_consumed transactionId=txn-b6ac07b9-9eb3-45b8-8985-e4a26f22be9e","logger_name":"com.ntt.recon.service.ConsumerListener","thread_name":"org.springframework.jms.JmsListenerEndpointContainer#1-2","level":"INFO","level_value":20000,"appName":"recon-consumer-app","traceId":"b44f1e78f8b6f522b7db23815f132a32","spanId":"013421ff6b77a933","correlationId":"duplicate-correlation-id","application":"recon-consumer-app"}
{"@timestamp":"2026-05-10T09:02:11.068193791Z","@version":"1","message":"event=transaction_consumed transactionId=txn-b6ac07b9-9eb3-45b8-8985-e4a26f22be9e","logger_name":"com.ntt.recon.service.ConsumerListener","thread_name":"org.springframework.jms.JmsListenerEndpointContainer#1-7","level":"INFO","level_value":20000,"appName":"recon-consumer-app","traceId":"b44f1e78f8b6f522b7db23815f132a32","spanId":"013421ff6b77a933","correlationId":"duplicate-correlation-id","application":"recon-consumer-app"}
{"@timestamp":"2026-05-10T09:02:11.072068305Z","@version":"1","message":"event=transaction_consumed transactionId=txn-e4559c66-e318-4244-80f6-44173946020e","logger_name":"com.ntt.recon.service.ConsumerListener","thread_name":"org.springframework.jms.JmsListenerEndpointContainer#1-5","level":"INFO","level_value":20000,"appName":"recon-consumer-app","traceId":"b44f1e78f8b6f522b7db23815f132a32","spanId":"013421ff6b77a933","correlationId":"46925899-758a-43c9-a5f2-07a6cd66016b","application":"recon-consumer-app"}
{"@timestamp":"2026-05-10T09:02:12.061854356Z","@version":"1","message":"event=transaction_consumed transactionId=txn-d73c85c8-b2df-45c6-a695-1f88b0001851","logger_name":"com.ntt.recon.service.ConsumerListener","thread_name":"org.springframework.jms.JmsListenerEndpointContainer#1-8","level":"INFO","level_value":20000,"appName":"recon-consumer-app","traceId":"9f9a8154a573aad2b307c453066b0035","spanId":"8edaefa91a5f25fc","correlationId":"duplicate-correlation-id","application":"recon-consumer-app"}
{"@timestamp":"2026-05-10T09:02:12.064817331Z","@version":"1","message":"event=transaction_consumed transactionId=txn-d73c85c8-b2df-45c6-a695-1f88b0001851","logger_name":"com.ntt.recon.service.ConsumerListener","thread_name":"org.springframework.jms.JmsListenerEndpointContainer#1-3","level":"INFO","level_value":20000,"appName":"recon-consumer-app","traceId":"9f9a8154a573aad2b307c453066b0035","spanId":"8edaefa91a5f25fc","correlationId":"duplicate-correlation-id","application":"recon-consumer-app"}


============================================================
FINAL POD STATUS
============================================================
COMMAND: kubectl get pods -n recon-platform
NAME                                   READY   STATUS    RESTARTS   AGE
ibm-mq-0                               1/1     Running   0          82m
recon-consumer-app-784f77dff8-ktzvg    1/1     Running   0          71m
recon-dashboard-api-7c7dcc4768-4vprs   1/1     Running   0          71m
recon-producer-app-7878df768-p65k4     1/1     Running   0          71m

============================================================
SCENARIO RESULT
============================================================
Expected result: duplicate mode was enabled, producer continued publishing, consumer logged duplicate_message_ignored or duplicate_race_lost, pods remained Running, and queues remained available.
Completed: 2026-05-10T17:03:32.9550699+08:00
